[2026-06-13T15:51:07.528+0000] {processor.py:186} INFO - Started process (PID=179) to work on /opt/airflow/dags/create_mart_dag.py
[2026-06-13T15:51:07.529+0000] {processor.py:914} INFO - Processing file /opt/airflow/dags/create_mart_dag.py for tasks to queue
[2026-06-13T15:51:07.532+0000] {logging_mixin.py:190} INFO - [2026-06-13T15:51:07.532+0000] {dagbag.py:588} INFO - Filling up the DagBag from /opt/airflow/dags/create_mart_dag.py
[2026-06-13T15:51:07.575+0000] {processor.py:925} INFO - DAG(s) 'create_analytics_mart' retrieved from /opt/airflow/dags/create_mart_dag.py
[2026-06-13T15:51:07.623+0000] {logging_mixin.py:190} INFO - [2026-06-13T15:51:07.623+0000] {dag.py:3239} INFO - Sync 1 DAGs
[2026-06-13T15:51:07.658+0000] {logging_mixin.py:190} INFO - [2026-06-13T15:51:07.658+0000] {dag.py:4180} INFO - Setting next_dagrun for create_analytics_mart to 2026-06-12 02:00:00+00:00, run_after=2026-06-13 02:00:00+00:00
[2026-06-13T15:51:07.684+0000] {processor.py:208} INFO - Processing /opt/airflow/dags/create_mart_dag.py took 0.164 seconds
[2026-06-13T15:51:38.308+0000] {processor.py:186} INFO - Started process (PID=195) to work on /opt/airflow/dags/create_mart_dag.py
[2026-06-13T15:51:38.309+0000] {processor.py:914} INFO - Processing file /opt/airflow/dags/create_mart_dag.py for tasks to queue
[2026-06-13T15:51:38.313+0000] {logging_mixin.py:190} INFO - [2026-06-13T15:51:38.312+0000] {dagbag.py:588} INFO - Filling up the DagBag from /opt/airflow/dags/create_mart_dag.py
[2026-06-13T15:51:38.363+0000] {processor.py:925} INFO - DAG(s) 'create_analytics_mart' retrieved from /opt/airflow/dags/create_mart_dag.py
[2026-06-13T15:51:38.398+0000] {logging_mixin.py:190} INFO - [2026-06-13T15:51:38.398+0000] {dag.py:3239} INFO - Sync 1 DAGs
[2026-06-13T15:51:38.437+0000] {logging_mixin.py:190} INFO - [2026-06-13T15:51:38.436+0000] {dag.py:4180} INFO - Setting next_dagrun for create_analytics_mart to 2026-06-12 02:00:00+00:00, run_after=2026-06-13 02:00:00+00:00
[2026-06-13T15:51:38.463+0000] {processor.py:208} INFO - Processing /opt/airflow/dags/create_mart_dag.py took 0.163 seconds
[2026-06-13T15:52:09.239+0000] {processor.py:186} INFO - Started process (PID=211) to work on /opt/airflow/dags/create_mart_dag.py
[2026-06-13T15:52:09.241+0000] {processor.py:914} INFO - Processing file /opt/airflow/dags/create_mart_dag.py for tasks to queue
[2026-06-13T15:52:09.244+0000] {logging_mixin.py:190} INFO - [2026-06-13T15:52:09.244+0000] {dagbag.py:588} INFO - Filling up the DagBag from /opt/airflow/dags/create_mart_dag.py
[2026-06-13T15:52:09.286+0000] {processor.py:925} INFO - DAG(s) 'create_analytics_mart' retrieved from /opt/airflow/dags/create_mart_dag.py
[2026-06-13T15:52:09.321+0000] {logging_mixin.py:190} INFO - [2026-06-13T15:52:09.320+0000] {dag.py:3239} INFO - Sync 1 DAGs
[2026-06-13T15:52:09.350+0000] {logging_mixin.py:190} INFO - [2026-06-13T15:52:09.350+0000] {dag.py:4180} INFO - Setting next_dagrun for create_analytics_mart to 2026-06-12 02:00:00+00:00, run_after=2026-06-13 02:00:00+00:00
[2026-06-13T15:52:09.372+0000] {processor.py:208} INFO - Processing /opt/airflow/dags/create_mart_dag.py took 0.142 seconds
[2026-06-13T15:52:40.147+0000] {processor.py:186} INFO - Started process (PID=227) to work on /opt/airflow/dags/create_mart_dag.py
[2026-06-13T15:52:40.149+0000] {processor.py:914} INFO - Processing file /opt/airflow/dags/create_mart_dag.py for tasks to queue
[2026-06-13T15:52:40.154+0000] {logging_mixin.py:190} INFO - [2026-06-13T15:52:40.153+0000] {dagbag.py:588} INFO - Filling up the DagBag from /opt/airflow/dags/create_mart_dag.py
[2026-06-13T15:52:40.236+0000] {processor.py:925} INFO - DAG(s) 'create_analytics_mart' retrieved from /opt/airflow/dags/create_mart_dag.py
[2026-06-13T15:52:40.292+0000] {logging_mixin.py:190} INFO - [2026-06-13T15:52:40.291+0000] {dag.py:3239} INFO - Sync 1 DAGs
[2026-06-13T15:52:40.342+0000] {logging_mixin.py:190} INFO - [2026-06-13T15:52:40.341+0000] {dag.py:4180} INFO - Setting next_dagrun for create_analytics_mart to 2026-06-12 02:00:00+00:00, run_after=2026-06-13 02:00:00+00:00
[2026-06-13T15:52:40.375+0000] {processor.py:208} INFO - Processing /opt/airflow/dags/create_mart_dag.py took 0.239 seconds
[2026-06-13T15:53:11.006+0000] {processor.py:186} INFO - Started process (PID=244) to work on /opt/airflow/dags/create_mart_dag.py
[2026-06-13T15:53:11.008+0000] {processor.py:914} INFO - Processing file /opt/airflow/dags/create_mart_dag.py for tasks to queue
[2026-06-13T15:53:11.012+0000] {logging_mixin.py:190} INFO - [2026-06-13T15:53:11.011+0000] {dagbag.py:588} INFO - Filling up the DagBag from /opt/airflow/dags/create_mart_dag.py
[2026-06-13T15:53:11.061+0000] {processor.py:925} INFO - DAG(s) 'create_analytics_mart' retrieved from /opt/airflow/dags/create_mart_dag.py
[2026-06-13T15:53:11.102+0000] {logging_mixin.py:190} INFO - [2026-06-13T15:53:11.101+0000] {dag.py:3239} INFO - Sync 1 DAGs
[2026-06-13T15:53:11.136+0000] {logging_mixin.py:190} INFO - [2026-06-13T15:53:11.136+0000] {dag.py:4180} INFO - Setting next_dagrun for create_analytics_mart to 2026-06-12 02:00:00+00:00, run_after=2026-06-13 02:00:00+00:00
[2026-06-13T15:53:11.163+0000] {processor.py:208} INFO - Processing /opt/airflow/dags/create_mart_dag.py took 0.167 seconds
[2026-06-13T15:53:41.787+0000] {processor.py:186} INFO - Started process (PID=260) to work on /opt/airflow/dags/create_mart_dag.py
[2026-06-13T15:53:41.789+0000] {processor.py:914} INFO - Processing file /opt/airflow/dags/create_mart_dag.py for tasks to queue
[2026-06-13T15:53:41.797+0000] {logging_mixin.py:190} INFO - [2026-06-13T15:53:41.796+0000] {dagbag.py:588} INFO - Filling up the DagBag from /opt/airflow/dags/create_mart_dag.py
[2026-06-13T15:53:41.889+0000] {processor.py:925} INFO - DAG(s) 'create_analytics_mart' retrieved from /opt/airflow/dags/create_mart_dag.py
[2026-06-13T15:53:41.937+0000] {logging_mixin.py:190} INFO - [2026-06-13T15:53:41.937+0000] {dag.py:3239} INFO - Sync 1 DAGs
[2026-06-13T15:53:41.993+0000] {logging_mixin.py:190} INFO - [2026-06-13T15:53:41.992+0000] {dag.py:4180} INFO - Setting next_dagrun for create_analytics_mart to 2026-06-12 02:00:00+00:00, run_after=2026-06-13 02:00:00+00:00
[2026-06-13T15:53:42.025+0000] {processor.py:208} INFO - Processing /opt/airflow/dags/create_mart_dag.py took 0.259 seconds
[2026-06-13T15:54:12.619+0000] {processor.py:186} INFO - Started process (PID=276) to work on /opt/airflow/dags/create_mart_dag.py
[2026-06-13T15:54:12.620+0000] {processor.py:914} INFO - Processing file /opt/airflow/dags/create_mart_dag.py for tasks to queue
[2026-06-13T15:54:12.624+0000] {logging_mixin.py:190} INFO - [2026-06-13T15:54:12.623+0000] {dagbag.py:588} INFO - Filling up the DagBag from /opt/airflow/dags/create_mart_dag.py
[2026-06-13T15:54:12.673+0000] {processor.py:925} INFO - DAG(s) 'create_analytics_mart' retrieved from /opt/airflow/dags/create_mart_dag.py
[2026-06-13T15:54:12.715+0000] {logging_mixin.py:190} INFO - [2026-06-13T15:54:12.714+0000] {dag.py:3239} INFO - Sync 1 DAGs
[2026-06-13T15:54:12.755+0000] {logging_mixin.py:190} INFO - [2026-06-13T15:54:12.755+0000] {dag.py:4180} INFO - Setting next_dagrun for create_analytics_mart to 2026-06-12 02:00:00+00:00, run_after=2026-06-13 02:00:00+00:00
[2026-06-13T15:54:12.784+0000] {processor.py:208} INFO - Processing /opt/airflow/dags/create_mart_dag.py took 0.175 seconds
[2026-06-13T15:54:43.372+0000] {processor.py:186} INFO - Started process (PID=292) to work on /opt/airflow/dags/create_mart_dag.py
[2026-06-13T15:54:43.373+0000] {processor.py:914} INFO - Processing file /opt/airflow/dags/create_mart_dag.py for tasks to queue
[2026-06-13T15:54:43.377+0000] {logging_mixin.py:190} INFO - [2026-06-13T15:54:43.377+0000] {dagbag.py:588} INFO - Filling up the DagBag from /opt/airflow/dags/create_mart_dag.py
[2026-06-13T15:54:43.414+0000] {processor.py:925} INFO - DAG(s) 'create_analytics_mart' retrieved from /opt/airflow/dags/create_mart_dag.py
[2026-06-13T15:54:43.449+0000] {logging_mixin.py:190} INFO - [2026-06-13T15:54:43.448+0000] {dag.py:3239} INFO - Sync 1 DAGs
[2026-06-13T15:54:43.475+0000] {logging_mixin.py:190} INFO - [2026-06-13T15:54:43.475+0000] {dag.py:4180} INFO - Setting next_dagrun for create_analytics_mart to 2026-06-12 02:00:00+00:00, run_after=2026-06-13 02:00:00+00:00
[2026-06-13T15:54:43.504+0000] {processor.py:208} INFO - Processing /opt/airflow/dags/create_mart_dag.py took 0.141 seconds
[2026-06-13T15:55:14.203+0000] {processor.py:186} INFO - Started process (PID=308) to work on /opt/airflow/dags/create_mart_dag.py
[2026-06-13T15:55:14.204+0000] {processor.py:914} INFO - Processing file /opt/airflow/dags/create_mart_dag.py for tasks to queue
[2026-06-13T15:55:14.208+0000] {logging_mixin.py:190} INFO - [2026-06-13T15:55:14.207+0000] {dagbag.py:588} INFO - Filling up the DagBag from /opt/airflow/dags/create_mart_dag.py
[2026-06-13T15:55:14.254+0000] {processor.py:925} INFO - DAG(s) 'create_analytics_mart' retrieved from /opt/airflow/dags/create_mart_dag.py
[2026-06-13T15:55:14.296+0000] {logging_mixin.py:190} INFO - [2026-06-13T15:55:14.296+0000] {dag.py:3239} INFO - Sync 1 DAGs
[2026-06-13T15:55:14.332+0000] {logging_mixin.py:190} INFO - [2026-06-13T15:55:14.332+0000] {dag.py:4180} INFO - Setting next_dagrun for create_analytics_mart to 2026-06-12 02:00:00+00:00, run_after=2026-06-13 02:00:00+00:00
[2026-06-13T15:55:14.359+0000] {processor.py:208} INFO - Processing /opt/airflow/dags/create_mart_dag.py took 0.165 seconds
[2026-06-13T15:55:44.798+0000] {processor.py:186} INFO - Started process (PID=324) to work on /opt/airflow/dags/create_mart_dag.py
[2026-06-13T15:55:44.799+0000] {processor.py:914} INFO - Processing file /opt/airflow/dags/create_mart_dag.py for tasks to queue
[2026-06-13T15:55:44.803+0000] {logging_mixin.py:190} INFO - [2026-06-13T15:55:44.803+0000] {dagbag.py:588} INFO - Filling up the DagBag from /opt/airflow/dags/create_mart_dag.py
[2026-06-13T15:55:44.851+0000] {processor.py:925} INFO - DAG(s) 'create_analytics_mart' retrieved from /opt/airflow/dags/create_mart_dag.py
[2026-06-13T15:55:44.894+0000] {logging_mixin.py:190} INFO - [2026-06-13T15:55:44.894+0000] {dag.py:3239} INFO - Sync 1 DAGs
[2026-06-13T15:55:44.934+0000] {logging_mixin.py:190} INFO - [2026-06-13T15:55:44.934+0000] {dag.py:4180} INFO - Setting next_dagrun for create_analytics_mart to 2026-06-12 02:00:00+00:00, run_after=2026-06-13 02:00:00+00:00
[2026-06-13T15:55:44.971+0000] {processor.py:208} INFO - Processing /opt/airflow/dags/create_mart_dag.py took 0.182 seconds
[2026-06-13T15:56:15.694+0000] {processor.py:186} INFO - Started process (PID=340) to work on /opt/airflow/dags/create_mart_dag.py
[2026-06-13T15:56:15.696+0000] {processor.py:914} INFO - Processing file /opt/airflow/dags/create_mart_dag.py for tasks to queue
[2026-06-13T15:56:15.700+0000] {logging_mixin.py:190} INFO - [2026-06-13T15:56:15.699+0000] {dagbag.py:588} INFO - Filling up the DagBag from /opt/airflow/dags/create_mart_dag.py
[2026-06-13T15:56:15.747+0000] {processor.py:925} INFO - DAG(s) 'create_analytics_mart' retrieved from /opt/airflow/dags/create_mart_dag.py
[2026-06-13T15:56:15.785+0000] {logging_mixin.py:190} INFO - [2026-06-13T15:56:15.785+0000] {dag.py:3239} INFO - Sync 1 DAGs
[2026-06-13T15:56:15.821+0000] {logging_mixin.py:190} INFO - [2026-06-13T15:56:15.820+0000] {dag.py:4180} INFO - Setting next_dagrun for create_analytics_mart to 2026-06-12 02:00:00+00:00, run_after=2026-06-13 02:00:00+00:00
[2026-06-13T15:56:15.844+0000] {processor.py:208} INFO - Processing /opt/airflow/dags/create_mart_dag.py took 0.161 seconds
[2026-06-13T15:56:46.388+0000] {processor.py:186} INFO - Started process (PID=356) to work on /opt/airflow/dags/create_mart_dag.py
[2026-06-13T15:56:46.390+0000] {processor.py:914} INFO - Processing file /opt/airflow/dags/create_mart_dag.py for tasks to queue
[2026-06-13T15:56:46.394+0000] {logging_mixin.py:190} INFO - [2026-06-13T15:56:46.394+0000] {dagbag.py:588} INFO - Filling up the DagBag from /opt/airflow/dags/create_mart_dag.py
[2026-06-13T15:56:46.431+0000] {processor.py:925} INFO - DAG(s) 'create_analytics_mart' retrieved from /opt/airflow/dags/create_mart_dag.py
[2026-06-13T15:56:46.471+0000] {logging_mixin.py:190} INFO - [2026-06-13T15:56:46.471+0000] {dag.py:3239} INFO - Sync 1 DAGs
[2026-06-13T15:56:46.507+0000] {logging_mixin.py:190} INFO - [2026-06-13T15:56:46.506+0000] {dag.py:4180} INFO - Setting next_dagrun for create_analytics_mart to 2026-06-12 02:00:00+00:00, run_after=2026-06-13 02:00:00+00:00
[2026-06-13T15:56:46.535+0000] {processor.py:208} INFO - Processing /opt/airflow/dags/create_mart_dag.py took 0.157 seconds
[2026-06-13T15:57:17.273+0000] {processor.py:186} INFO - Started process (PID=372) to work on /opt/airflow/dags/create_mart_dag.py
[2026-06-13T15:57:17.275+0000] {processor.py:914} INFO - Processing file /opt/airflow/dags/create_mart_dag.py for tasks to queue
[2026-06-13T15:57:17.278+0000] {logging_mixin.py:190} INFO - [2026-06-13T15:57:17.278+0000] {dagbag.py:588} INFO - Filling up the DagBag from /opt/airflow/dags/create_mart_dag.py
[2026-06-13T15:57:17.317+0000] {processor.py:925} INFO - DAG(s) 'create_analytics_mart' retrieved from /opt/airflow/dags/create_mart_dag.py
[2026-06-13T15:57:17.359+0000] {logging_mixin.py:190} INFO - [2026-06-13T15:57:17.359+0000] {dag.py:3239} INFO - Sync 1 DAGs
[2026-06-13T15:57:17.399+0000] {logging_mixin.py:190} INFO - [2026-06-13T15:57:17.399+0000] {dag.py:4180} INFO - Setting next_dagrun for create_analytics_mart to 2026-06-12 02:00:00+00:00, run_after=2026-06-13 02:00:00+00:00
[2026-06-13T15:57:17.428+0000] {processor.py:208} INFO - Processing /opt/airflow/dags/create_mart_dag.py took 0.166 seconds
[2026-06-13T15:57:47.904+0000] {processor.py:186} INFO - Started process (PID=388) to work on /opt/airflow/dags/create_mart_dag.py
[2026-06-13T15:57:47.905+0000] {processor.py:914} INFO - Processing file /opt/airflow/dags/create_mart_dag.py for tasks to queue
[2026-06-13T15:57:47.909+0000] {logging_mixin.py:190} INFO - [2026-06-13T15:57:47.909+0000] {dagbag.py:588} INFO - Filling up the DagBag from /opt/airflow/dags/create_mart_dag.py
[2026-06-13T15:57:47.947+0000] {processor.py:925} INFO - DAG(s) 'create_analytics_mart' retrieved from /opt/airflow/dags/create_mart_dag.py
[2026-06-13T15:57:47.994+0000] {logging_mixin.py:190} INFO - [2026-06-13T15:57:47.994+0000] {dag.py:3239} INFO - Sync 1 DAGs
[2026-06-13T15:57:48.041+0000] {logging_mixin.py:190} INFO - [2026-06-13T15:57:48.040+0000] {dag.py:4180} INFO - Setting next_dagrun for create_analytics_mart to 2026-06-12 02:00:00+00:00, run_after=2026-06-13 02:00:00+00:00
[2026-06-13T15:57:48.074+0000] {processor.py:208} INFO - Processing /opt/airflow/dags/create_mart_dag.py took 0.182 seconds
