[2026-06-13T15:51:07.509+0000] {processor.py:186} INFO - Started process (PID=176) to work on /opt/airflow/dags/create_student_performance_mart.py
[2026-06-13T15:51:07.511+0000] {processor.py:914} INFO - Processing file /opt/airflow/dags/create_student_performance_mart.py for tasks to queue
[2026-06-13T15:51:07.514+0000] {logging_mixin.py:190} INFO - [2026-06-13T15:51:07.514+0000] {dagbag.py:588} INFO - Filling up the DagBag from /opt/airflow/dags/create_student_performance_mart.py
[2026-06-13T15:51:07.542+0000] {processor.py:925} INFO - DAG(s) 'create_student_performance_mart' retrieved from /opt/airflow/dags/create_student_performance_mart.py
[2026-06-13T15:51:07.592+0000] {logging_mixin.py:190} INFO - [2026-06-13T15:51:07.592+0000] {dag.py:3239} INFO - Sync 1 DAGs
[2026-06-13T15:51:07.614+0000] {logging_mixin.py:190} INFO - [2026-06-13T15:51:07.614+0000] {dag.py:4180} INFO - Setting next_dagrun for create_student_performance_mart to None, run_after=None
[2026-06-13T15:51:07.643+0000] {processor.py:208} INFO - Processing /opt/airflow/dags/create_student_performance_mart.py took 0.141 seconds
[2026-06-13T15:51:38.297+0000] {processor.py:186} INFO - Started process (PID=192) to work on /opt/airflow/dags/create_student_performance_mart.py
[2026-06-13T15:51:38.299+0000] {processor.py:914} INFO - Processing file /opt/airflow/dags/create_student_performance_mart.py for tasks to queue
[2026-06-13T15:51:38.304+0000] {logging_mixin.py:190} INFO - [2026-06-13T15:51:38.303+0000] {dagbag.py:588} INFO - Filling up the DagBag from /opt/airflow/dags/create_student_performance_mart.py
[2026-06-13T15:51:38.332+0000] {processor.py:925} INFO - DAG(s) 'create_student_performance_mart' retrieved from /opt/airflow/dags/create_student_performance_mart.py
[2026-06-13T15:51:38.377+0000] {logging_mixin.py:190} INFO - [2026-06-13T15:51:38.377+0000] {dag.py:3239} INFO - Sync 1 DAGs
[2026-06-13T15:51:38.396+0000] {logging_mixin.py:190} INFO - [2026-06-13T15:51:38.396+0000] {dag.py:4180} INFO - Setting next_dagrun for create_student_performance_mart to None, run_after=None
[2026-06-13T15:51:38.442+0000] {processor.py:208} INFO - Processing /opt/airflow/dags/create_student_performance_mart.py took 0.156 seconds
[2026-06-13T15:52:09.228+0000] {processor.py:186} INFO - Started process (PID=208) to work on /opt/airflow/dags/create_student_performance_mart.py
[2026-06-13T15:52:09.229+0000] {processor.py:914} INFO - Processing file /opt/airflow/dags/create_student_performance_mart.py for tasks to queue
[2026-06-13T15:52:09.233+0000] {logging_mixin.py:190} INFO - [2026-06-13T15:52:09.232+0000] {dagbag.py:588} INFO - Filling up the DagBag from /opt/airflow/dags/create_student_performance_mart.py
[2026-06-13T15:52:09.255+0000] {processor.py:925} INFO - DAG(s) 'create_student_performance_mart' retrieved from /opt/airflow/dags/create_student_performance_mart.py
[2026-06-13T15:52:09.303+0000] {logging_mixin.py:190} INFO - [2026-06-13T15:52:09.302+0000] {dag.py:3239} INFO - Sync 1 DAGs
[2026-06-13T15:52:09.323+0000] {logging_mixin.py:190} INFO - [2026-06-13T15:52:09.323+0000] {dag.py:4180} INFO - Setting next_dagrun for create_student_performance_mart to None, run_after=None
[2026-06-13T15:52:09.346+0000] {processor.py:208} INFO - Processing /opt/airflow/dags/create_student_performance_mart.py took 0.128 seconds
[2026-06-13T15:52:40.131+0000] {processor.py:186} INFO - Started process (PID=224) to work on /opt/airflow/dags/create_student_performance_mart.py
[2026-06-13T15:52:40.133+0000] {processor.py:914} INFO - Processing file /opt/airflow/dags/create_student_performance_mart.py for tasks to queue
[2026-06-13T15:52:40.138+0000] {logging_mixin.py:190} INFO - [2026-06-13T15:52:40.137+0000] {dagbag.py:588} INFO - Filling up the DagBag from /opt/airflow/dags/create_student_performance_mart.py
[2026-06-13T15:52:40.204+0000] {processor.py:925} INFO - DAG(s) 'create_student_performance_mart' retrieved from /opt/airflow/dags/create_student_performance_mart.py
[2026-06-13T15:52:40.265+0000] {logging_mixin.py:190} INFO - [2026-06-13T15:52:40.264+0000] {dag.py:3239} INFO - Sync 1 DAGs
[2026-06-13T15:52:40.297+0000] {logging_mixin.py:190} INFO - [2026-06-13T15:52:40.296+0000] {dag.py:4180} INFO - Setting next_dagrun for create_student_performance_mart to None, run_after=None
[2026-06-13T15:52:40.331+0000] {processor.py:208} INFO - Processing /opt/airflow/dags/create_student_performance_mart.py took 0.215 seconds
[2026-06-13T15:53:10.994+0000] {processor.py:186} INFO - Started process (PID=241) to work on /opt/airflow/dags/create_student_performance_mart.py
[2026-06-13T15:53:10.996+0000] {processor.py:914} INFO - Processing file /opt/airflow/dags/create_student_performance_mart.py for tasks to queue
[2026-06-13T15:53:11.000+0000] {logging_mixin.py:190} INFO - [2026-06-13T15:53:11.000+0000] {dagbag.py:588} INFO - Filling up the DagBag from /opt/airflow/dags/create_student_performance_mart.py
[2026-06-13T15:53:11.039+0000] {processor.py:925} INFO - DAG(s) 'create_student_performance_mart' retrieved from /opt/airflow/dags/create_student_performance_mart.py
[2026-06-13T15:53:11.083+0000] {logging_mixin.py:190} INFO - [2026-06-13T15:53:11.082+0000] {dag.py:3239} INFO - Sync 1 DAGs
[2026-06-13T15:53:11.105+0000] {logging_mixin.py:190} INFO - [2026-06-13T15:53:11.105+0000] {dag.py:4180} INFO - Setting next_dagrun for create_student_performance_mart to None, run_after=None
[2026-06-13T15:53:11.152+0000] {processor.py:208} INFO - Processing /opt/airflow/dags/create_student_performance_mart.py took 0.174 seconds
[2026-06-13T15:53:41.766+0000] {processor.py:186} INFO - Started process (PID=257) to work on /opt/airflow/dags/create_student_performance_mart.py
[2026-06-13T15:53:41.771+0000] {processor.py:914} INFO - Processing file /opt/airflow/dags/create_student_performance_mart.py for tasks to queue
[2026-06-13T15:53:41.779+0000] {logging_mixin.py:190} INFO - [2026-06-13T15:53:41.778+0000] {dagbag.py:588} INFO - Filling up the DagBag from /opt/airflow/dags/create_student_performance_mart.py
[2026-06-13T15:53:41.858+0000] {processor.py:925} INFO - DAG(s) 'create_student_performance_mart' retrieved from /opt/airflow/dags/create_student_performance_mart.py
[2026-06-13T15:53:41.922+0000] {logging_mixin.py:190} INFO - [2026-06-13T15:53:41.922+0000] {dag.py:3239} INFO - Sync 1 DAGs
[2026-06-13T15:53:41.945+0000] {logging_mixin.py:190} INFO - [2026-06-13T15:53:41.945+0000] {dag.py:4180} INFO - Setting next_dagrun for create_student_performance_mart to None, run_after=None
[2026-06-13T15:53:42.011+0000] {processor.py:208} INFO - Processing /opt/airflow/dags/create_student_performance_mart.py took 0.265 seconds
[2026-06-13T15:54:12.610+0000] {processor.py:186} INFO - Started process (PID=273) to work on /opt/airflow/dags/create_student_performance_mart.py
[2026-06-13T15:54:12.612+0000] {processor.py:914} INFO - Processing file /opt/airflow/dags/create_student_performance_mart.py for tasks to queue
[2026-06-13T15:54:12.616+0000] {logging_mixin.py:190} INFO - [2026-06-13T15:54:12.615+0000] {dagbag.py:588} INFO - Filling up the DagBag from /opt/airflow/dags/create_student_performance_mart.py
[2026-06-13T15:54:12.653+0000] {processor.py:925} INFO - DAG(s) 'create_student_performance_mart' retrieved from /opt/airflow/dags/create_student_performance_mart.py
[2026-06-13T15:54:12.695+0000] {logging_mixin.py:190} INFO - [2026-06-13T15:54:12.694+0000] {dag.py:3239} INFO - Sync 1 DAGs
[2026-06-13T15:54:12.719+0000] {logging_mixin.py:190} INFO - [2026-06-13T15:54:12.718+0000] {dag.py:4180} INFO - Setting next_dagrun for create_student_performance_mart to None, run_after=None
[2026-06-13T15:54:12.751+0000] {processor.py:208} INFO - Processing /opt/airflow/dags/create_student_performance_mart.py took 0.156 seconds
[2026-06-13T15:54:43.359+0000] {processor.py:186} INFO - Started process (PID=289) to work on /opt/airflow/dags/create_student_performance_mart.py
[2026-06-13T15:54:43.360+0000] {processor.py:914} INFO - Processing file /opt/airflow/dags/create_student_performance_mart.py for tasks to queue
[2026-06-13T15:54:43.363+0000] {logging_mixin.py:190} INFO - [2026-06-13T15:54:43.363+0000] {dagbag.py:588} INFO - Filling up the DagBag from /opt/airflow/dags/create_student_performance_mart.py
[2026-06-13T15:54:43.414+0000] {processor.py:925} INFO - DAG(s) 'create_student_performance_mart' retrieved from /opt/airflow/dags/create_student_performance_mart.py
[2026-06-13T15:54:43.447+0000] {logging_mixin.py:190} INFO - [2026-06-13T15:54:43.446+0000] {dag.py:3239} INFO - Sync 1 DAGs
[2026-06-13T15:54:43.463+0000] {logging_mixin.py:190} INFO - [2026-06-13T15:54:43.463+0000] {dag.py:4180} INFO - Setting next_dagrun for create_student_performance_mart to None, run_after=None
[2026-06-13T15:54:43.488+0000] {processor.py:208} INFO - Processing /opt/airflow/dags/create_student_performance_mart.py took 0.138 seconds
[2026-06-13T15:55:14.193+0000] {processor.py:186} INFO - Started process (PID=305) to work on /opt/airflow/dags/create_student_performance_mart.py
[2026-06-13T15:55:14.195+0000] {processor.py:914} INFO - Processing file /opt/airflow/dags/create_student_performance_mart.py for tasks to queue
[2026-06-13T15:55:14.199+0000] {logging_mixin.py:190} INFO - [2026-06-13T15:55:14.198+0000] {dagbag.py:588} INFO - Filling up the DagBag from /opt/airflow/dags/create_student_performance_mart.py
[2026-06-13T15:55:14.239+0000] {processor.py:925} INFO - DAG(s) 'create_student_performance_mart' retrieved from /opt/airflow/dags/create_student_performance_mart.py
[2026-06-13T15:55:14.286+0000] {logging_mixin.py:190} INFO - [2026-06-13T15:55:14.286+0000] {dag.py:3239} INFO - Sync 1 DAGs
[2026-06-13T15:55:14.308+0000] {logging_mixin.py:190} INFO - [2026-06-13T15:55:14.308+0000] {dag.py:4180} INFO - Setting next_dagrun for create_student_performance_mart to None, run_after=None
[2026-06-13T15:55:14.336+0000] {processor.py:208} INFO - Processing /opt/airflow/dags/create_student_performance_mart.py took 0.157 seconds
[2026-06-13T15:55:44.785+0000] {processor.py:186} INFO - Started process (PID=321) to work on /opt/airflow/dags/create_student_performance_mart.py
[2026-06-13T15:55:44.787+0000] {processor.py:914} INFO - Processing file /opt/airflow/dags/create_student_performance_mart.py for tasks to queue
[2026-06-13T15:55:44.791+0000] {logging_mixin.py:190} INFO - [2026-06-13T15:55:44.790+0000] {dagbag.py:588} INFO - Filling up the DagBag from /opt/airflow/dags/create_student_performance_mart.py
[2026-06-13T15:55:44.831+0000] {processor.py:925} INFO - DAG(s) 'create_student_performance_mart' retrieved from /opt/airflow/dags/create_student_performance_mart.py
[2026-06-13T15:55:44.877+0000] {logging_mixin.py:190} INFO - [2026-06-13T15:55:44.877+0000] {dag.py:3239} INFO - Sync 1 DAGs
[2026-06-13T15:55:44.905+0000] {logging_mixin.py:190} INFO - [2026-06-13T15:55:44.905+0000] {dag.py:4180} INFO - Setting next_dagrun for create_student_performance_mart to None, run_after=None
[2026-06-13T15:55:44.961+0000] {processor.py:208} INFO - Processing /opt/airflow/dags/create_student_performance_mart.py took 0.188 seconds
[2026-06-13T15:56:15.681+0000] {processor.py:186} INFO - Started process (PID=337) to work on /opt/airflow/dags/create_student_performance_mart.py
[2026-06-13T15:56:15.682+0000] {processor.py:914} INFO - Processing file /opt/airflow/dags/create_student_performance_mart.py for tasks to queue
[2026-06-13T15:56:15.687+0000] {logging_mixin.py:190} INFO - [2026-06-13T15:56:15.686+0000] {dagbag.py:588} INFO - Filling up the DagBag from /opt/airflow/dags/create_student_performance_mart.py
[2026-06-13T15:56:15.726+0000] {processor.py:925} INFO - DAG(s) 'create_student_performance_mart' retrieved from /opt/airflow/dags/create_student_performance_mart.py
[2026-06-13T15:56:15.769+0000] {logging_mixin.py:190} INFO - [2026-06-13T15:56:15.769+0000] {dag.py:3239} INFO - Sync 1 DAGs
[2026-06-13T15:56:15.789+0000] {logging_mixin.py:190} INFO - [2026-06-13T15:56:15.789+0000] {dag.py:4180} INFO - Setting next_dagrun for create_student_performance_mart to None, run_after=None
[2026-06-13T15:56:15.818+0000] {processor.py:208} INFO - Processing /opt/airflow/dags/create_student_performance_mart.py took 0.146 seconds
[2026-06-13T15:56:46.377+0000] {processor.py:186} INFO - Started process (PID=353) to work on /opt/airflow/dags/create_student_performance_mart.py
[2026-06-13T15:56:46.379+0000] {processor.py:914} INFO - Processing file /opt/airflow/dags/create_student_performance_mart.py for tasks to queue
[2026-06-13T15:56:46.384+0000] {logging_mixin.py:190} INFO - [2026-06-13T15:56:46.383+0000] {dagbag.py:588} INFO - Filling up the DagBag from /opt/airflow/dags/create_student_performance_mart.py
[2026-06-13T15:56:46.411+0000] {processor.py:925} INFO - DAG(s) 'create_student_performance_mart' retrieved from /opt/airflow/dags/create_student_performance_mart.py
[2026-06-13T15:56:46.451+0000] {logging_mixin.py:190} INFO - [2026-06-13T15:56:46.451+0000] {dag.py:3239} INFO - Sync 1 DAGs
[2026-06-13T15:56:46.475+0000] {logging_mixin.py:190} INFO - [2026-06-13T15:56:46.475+0000] {dag.py:4180} INFO - Setting next_dagrun for create_student_performance_mart to None, run_after=None
[2026-06-13T15:56:46.504+0000] {processor.py:208} INFO - Processing /opt/airflow/dags/create_student_performance_mart.py took 0.141 seconds
[2026-06-13T15:57:17.264+0000] {processor.py:186} INFO - Started process (PID=369) to work on /opt/airflow/dags/create_student_performance_mart.py
[2026-06-13T15:57:17.266+0000] {processor.py:914} INFO - Processing file /opt/airflow/dags/create_student_performance_mart.py for tasks to queue
[2026-06-13T15:57:17.270+0000] {logging_mixin.py:190} INFO - [2026-06-13T15:57:17.269+0000] {dagbag.py:588} INFO - Filling up the DagBag from /opt/airflow/dags/create_student_performance_mart.py
[2026-06-13T15:57:17.301+0000] {processor.py:925} INFO - DAG(s) 'create_student_performance_mart' retrieved from /opt/airflow/dags/create_student_performance_mart.py
[2026-06-13T15:57:17.345+0000] {logging_mixin.py:190} INFO - [2026-06-13T15:57:17.344+0000] {dag.py:3239} INFO - Sync 1 DAGs
[2026-06-13T15:57:17.370+0000] {logging_mixin.py:190} INFO - [2026-06-13T15:57:17.369+0000] {dag.py:4180} INFO - Setting next_dagrun for create_student_performance_mart to None, run_after=None
[2026-06-13T15:57:17.420+0000] {processor.py:208} INFO - Processing /opt/airflow/dags/create_student_performance_mart.py took 0.171 seconds
[2026-06-13T15:57:47.894+0000] {processor.py:186} INFO - Started process (PID=385) to work on /opt/airflow/dags/create_student_performance_mart.py
[2026-06-13T15:57:47.897+0000] {processor.py:914} INFO - Processing file /opt/airflow/dags/create_student_performance_mart.py for tasks to queue
[2026-06-13T15:57:47.901+0000] {logging_mixin.py:190} INFO - [2026-06-13T15:57:47.901+0000] {dagbag.py:588} INFO - Filling up the DagBag from /opt/airflow/dags/create_student_performance_mart.py
[2026-06-13T15:57:47.931+0000] {processor.py:925} INFO - DAG(s) 'create_student_performance_mart' retrieved from /opt/airflow/dags/create_student_performance_mart.py
[2026-06-13T15:57:47.977+0000] {logging_mixin.py:190} INFO - [2026-06-13T15:57:47.976+0000] {dag.py:3239} INFO - Sync 1 DAGs
[2026-06-13T15:57:48.006+0000] {logging_mixin.py:190} INFO - [2026-06-13T15:57:48.006+0000] {dag.py:4180} INFO - Setting next_dagrun for create_student_performance_mart to None, run_after=None
[2026-06-13T15:57:48.040+0000] {processor.py:208} INFO - Processing /opt/airflow/dags/create_student_performance_mart.py took 0.161 seconds
